Archive member included because of file (symbol)

/Users/Baram/gcc-arm-none-eabi/bin/../lib/gcc/arm-none-eabi/4.9.3/../../../../arm-none-eabi/lib/armv6-m/libg_nano.a(lib_a-exit.o)
                              /Users/Baram/gcc-arm-none-eabi/bin/../lib/gcc/arm-none-eabi/4.9.3/../../../../arm-none-eabi/lib/armv6-m/crt0.o (exit)
/Users/Baram/gcc-arm-none-eabi/bin/../lib/gcc/arm-none-eabi/4.9.3/../../../../arm-none-eabi/lib/armv6-m/libg_nano.a(lib_a-impure.o)
                              /Users/Baram/gcc-arm-none-eabi/bin/../lib/gcc/arm-none-eabi/4.9.3/../../../../arm-none-eabi/lib/armv6-m/libg_nano.a(lib_a-exit.o) (_global_impure_ptr)
/Users/Baram/gcc-arm-none-eabi/bin/../lib/gcc/arm-none-eabi/4.9.3/../../../../arm-none-eabi/lib/armv6-m/libg_nano.a(lib_a-init.o)
                              /Users/Baram/gcc-arm-none-eabi/bin/../lib/gcc/arm-none-eabi/4.9.3/../../../../arm-none-eabi/lib/armv6-m/crt0.o (__libc_init_array)
/Users/Baram/gcc-arm-none-eabi/bin/../lib/gcc/arm-none-eabi/4.9.3/../../../../arm-none-eabi/lib/armv6-m/libg_nano.a(lib_a-memset.o)
                              /Users/Baram/gcc-arm-none-eabi/bin/../lib/gcc/arm-none-eabi/4.9.3/../../../../arm-none-eabi/lib/armv6-m/crt0.o (memset)
/Users/Baram/gcc-arm-none-eabi/bin/../lib/gcc/arm-none-eabi/4.9.3/../../../../arm-none-eabi/lib/armv6-m/libnosys.a(_exit.o)
                              /Users/Baram/gcc-arm-none-eabi/bin/../lib/gcc/arm-none-eabi/4.9.3/../../../../arm-none-eabi/lib/armv6-m/libg_nano.a(lib_a-exit.o) (_exit)

Discarded input sections

 .text          0x0000000000000000        0x0 /Users/Baram/gcc-arm-none-eabi/bin/../lib/gcc/arm-none-eabi/4.9.3/armv6-m/crti.o
 .data          0x0000000000000000        0x0 /Users/Baram/gcc-arm-none-eabi/bin/../lib/gcc/arm-none-eabi/4.9.3/armv6-m/crti.o
 .bss           0x0000000000000000        0x0 /Users/Baram/gcc-arm-none-eabi/bin/../lib/gcc/arm-none-eabi/4.9.3/armv6-m/crti.o
 .init          0x0000000000000000        0x4 /Users/Baram/gcc-arm-none-eabi/bin/../lib/gcc/arm-none-eabi/4.9.3/armv6-m/crti.o
 .fini          0x0000000000000000        0x4 /Users/Baram/gcc-arm-none-eabi/bin/../lib/gcc/arm-none-eabi/4.9.3/armv6-m/crti.o
 .ARM.attributes
                0x0000000000000000       0x1e /Users/Baram/gcc-arm-none-eabi/bin/../lib/gcc/arm-none-eabi/4.9.3/armv6-m/crti.o
 .text          0x0000000000000000       0x60 /Users/Baram/gcc-arm-none-eabi/bin/../lib/gcc/arm-none-eabi/4.9.3/armv6-m/crtbegin.o
 .data          0x0000000000000000        0x4 /Users/Baram/gcc-arm-none-eabi/bin/../lib/gcc/arm-none-eabi/4.9.3/armv6-m/crtbegin.o
 .bss           0x0000000000000000       0x1c /Users/Baram/gcc-arm-none-eabi/bin/../lib/gcc/arm-none-eabi/4.9.3/armv6-m/crtbegin.o
 .init_array    0x0000000000000000        0x4 /Users/Baram/gcc-arm-none-eabi/bin/../lib/gcc/arm-none-eabi/4.9.3/armv6-m/crtbegin.o
 .fini_array    0x0000000000000000        0x4 /Users/Baram/gcc-arm-none-eabi/bin/../lib/gcc/arm-none-eabi/4.9.3/armv6-m/crtbegin.o
 .eh_frame      0x0000000000000000        0x0 /Users/Baram/gcc-arm-none-eabi/bin/../lib/gcc/arm-none-eabi/4.9.3/armv6-m/crtbegin.o
 .jcr           0x0000000000000000        0x0 /Users/Baram/gcc-arm-none-eabi/bin/../lib/gcc/arm-none-eabi/4.9.3/armv6-m/crtbegin.o
 .ARM.attributes
                0x0000000000000000       0x2c /Users/Baram/gcc-arm-none-eabi/bin/../lib/gcc/arm-none-eabi/4.9.3/armv6-m/crtbegin.o
 .text          0x0000000000000000       0x78 /Users/Baram/gcc-arm-none-eabi/bin/../lib/gcc/arm-none-eabi/4.9.3/../../../../arm-none-eabi/lib/armv6-m/crt0.o
 .data          0x0000000000000000        0x0 /Users/Baram/gcc-arm-none-eabi/bin/../lib/gcc/arm-none-eabi/4.9.3/../../../../arm-none-eabi/lib/armv6-m/crt0.o
 .bss           0x0000000000000000        0x0 /Users/Baram/gcc-arm-none-eabi/bin/../lib/gcc/arm-none-eabi/4.9.3/../../../../arm-none-eabi/lib/armv6-m/crt0.o
 .ARM.extab     0x0000000000000000        0x0 /Users/Baram/gcc-arm-none-eabi/bin/../lib/gcc/arm-none-eabi/4.9.3/../../../../arm-none-eabi/lib/armv6-m/crt0.o
 .ARM.exidx     0x0000000000000000        0x8 /Users/Baram/gcc-arm-none-eabi/bin/../lib/gcc/arm-none-eabi/4.9.3/../../../../arm-none-eabi/lib/armv6-m/crt0.o
 .ARM.attributes
                0x0000000000000000       0x1b /Users/Baram/gcc-arm-none-eabi/bin/../lib/gcc/arm-none-eabi/4.9.3/../../../../arm-none-eabi/lib/armv6-m/crt0.o
 .text          0x0000000000000000        0x0 src/main.o (symbol from plugin)
 .data.SystemCoreClock
                0x0000000000000000        0x4 /var/folders/7z/kps_xzfj7sn5l5gkyq8s9db00000gn/T//ccT5rycq.ltrans0.ltrans.o
 .text          0x0000000000000000        0x0 src/crc.o (symbol from plugin)
 .data          0x0000000000000000        0x0 gcc_startup_nrf51.o
 .bss           0x0000000000000000        0x0 gcc_startup_nrf51.o
 .ARM.extab     0x0000000000000000        0x0 gcc_startup_nrf51.o
 .text          0x0000000000000000        0x0 system_nrf51.o (symbol from plugin)
 .text          0x0000000000000000        0x0 /Users/Baram/gcc-arm-none-eabi/bin/../lib/gcc/arm-none-eabi/4.9.3/../../../../arm-none-eabi/lib/armv6-m/libg_nano.a(lib_a-exit.o)
 .data          0x0000000000000000        0x0 /Users/Baram/gcc-arm-none-eabi/bin/../lib/gcc/arm-none-eabi/4.9.3/../../../../arm-none-eabi/lib/armv6-m/libg_nano.a(lib_a-exit.o)
 .bss           0x0000000000000000        0x0 /Users/Baram/gcc-arm-none-eabi/bin/../lib/gcc/arm-none-eabi/4.9.3/../../../../arm-none-eabi/lib/armv6-m/libg_nano.a(lib_a-exit.o)
 .text.exit     0x0000000000000000       0x2c /Users/Baram/gcc-arm-none-eabi/bin/../lib/gcc/arm-none-eabi/4.9.3/../../../../arm-none-eabi/lib/armv6-m/libg_nano.a(lib_a-exit.o)
 .debug_frame   0x0000000000000000       0x28 /Users/Baram/gcc-arm-none-eabi/bin/../lib/gcc/arm-none-eabi/4.9.3/../../../../arm-none-eabi/lib/armv6-m/libg_nano.a(lib_a-exit.o)
 .ARM.attributes
                0x0000000000000000       0x2c /Users/Baram/gcc-arm-none-eabi/bin/../lib/gcc/arm-none-eabi/4.9.3/../../../../arm-none-eabi/lib/armv6-m/libg_nano.a(lib_a-exit.o)
 .text          0x0000000000000000        0x0 /Users/Baram/gcc-arm-none-eabi/bin/../lib/gcc/arm-none-eabi/4.9.3/../../../../arm-none-eabi/lib/armv6-m/libg_nano.a(lib_a-impure.o)
 .data          0x0000000000000000        0x0 /Users/Baram/gcc-arm-none-eabi/bin/../lib/gcc/arm-none-eabi/4.9.3/../../../../arm-none-eabi/lib/armv6-m/libg_nano.a(lib_a-impure.o)
 .bss           0x0000000000000000        0x0 /Users/Baram/gcc-arm-none-eabi/bin/../lib/gcc/arm-none-eabi/4.9.3/../../../../arm-none-eabi/lib/armv6-m/libg_nano.a(lib_a-impure.o)
 .data.impure_data
                0x0000000000000000       0x60 /Users/Baram/gcc-arm-none-eabi/bin/../lib/gcc/arm-none-eabi/4.9.3/../../../../arm-none-eabi/lib/armv6-m/libg_nano.a(lib_a-impure.o)
 .data._impure_ptr
                0x0000000000000000        0x4 /Users/Baram/gcc-arm-none-eabi/bin/../lib/gcc/arm-none-eabi/4.9.3/../../../../arm-none-eabi/lib/armv6-m/libg_nano.a(lib_a-impure.o)
 .rodata.str1.1
                0x0000000000000000        0x2 /Users/Baram/gcc-arm-none-eabi/bin/../lib/gcc/arm-none-eabi/4.9.3/../../../../arm-none-eabi/lib/armv6-m/libg_nano.a(lib_a-impure.o)
 .rodata._global_impure_ptr
                0x0000000000000000        0x4 /Users/Baram/gcc-arm-none-eabi/bin/../lib/gcc/arm-none-eabi/4.9.3/../../../../arm-none-eabi/lib/armv6-m/libg_nano.a(lib_a-impure.o)
 .ARM.attributes
                0x0000000000000000       0x2c /Users/Baram/gcc-arm-none-eabi/bin/../lib/gcc/arm-none-eabi/4.9.3/../../../../arm-none-eabi/lib/armv6-m/libg_nano.a(lib_a-impure.o)
 .text          0x0000000000000000        0x0 /Users/Baram/gcc-arm-none-eabi/bin/../lib/gcc/arm-none-eabi/4.9.3/../../../../arm-none-eabi/lib/armv6-m/libg_nano.a(lib_a-init.o)
 .data          0x0000000000000000        0x0 /Users/Baram/gcc-arm-none-eabi/bin/../lib/gcc/arm-none-eabi/4.9.3/../../../../arm-none-eabi/lib/armv6-m/libg_nano.a(lib_a-init.o)
 .bss           0x0000000000000000        0x0 /Users/Baram/gcc-arm-none-eabi/bin/../lib/gcc/arm-none-eabi/4.9.3/../../../../arm-none-eabi/lib/armv6-m/libg_nano.a(lib_a-init.o)
 .text.__libc_init_array
                0x0000000000000000       0x4c /Users/Baram/gcc-arm-none-eabi/bin/../lib/gcc/arm-none-eabi/4.9.3/../../../../arm-none-eabi/lib/armv6-m/libg_nano.a(lib_a-init.o)
 .debug_frame   0x0000000000000000       0x2c /Users/Baram/gcc-arm-none-eabi/bin/../lib/gcc/arm-none-eabi/4.9.3/../../../../arm-none-eabi/lib/armv6-m/libg_nano.a(lib_a-init.o)
 .ARM.attributes
                0x0000000000000000       0x2c /Users/Baram/gcc-arm-none-eabi/bin/../lib/gcc/arm-none-eabi/4.9.3/../../../../arm-none-eabi/lib/armv6-m/libg_nano.a(lib_a-init.o)
 .text          0x0000000000000000        0x0 /Users/Baram/gcc-arm-none-eabi/bin/../lib/gcc/arm-none-eabi/4.9.3/../../../../arm-none-eabi/lib/armv6-m/libg_nano.a(lib_a-memset.o)
 .data          0x0000000000000000        0x0 /Users/Baram/gcc-arm-none-eabi/bin/../lib/gcc/arm-none-eabi/4.9.3/../../../../arm-none-eabi/lib/armv6-m/libg_nano.a(lib_a-memset.o)
 .bss           0x0000000000000000        0x0 /Users/Baram/gcc-arm-none-eabi/bin/../lib/gcc/arm-none-eabi/4.9.3/../../../../arm-none-eabi/lib/armv6-m/libg_nano.a(lib_a-memset.o)
 .text.memset   0x0000000000000000       0x10 /Users/Baram/gcc-arm-none-eabi/bin/../lib/gcc/arm-none-eabi/4.9.3/../../../../arm-none-eabi/lib/armv6-m/libg_nano.a(lib_a-memset.o)
 .debug_frame   0x0000000000000000       0x20 /Users/Baram/gcc-arm-none-eabi/bin/../lib/gcc/arm-none-eabi/4.9.3/../../../../arm-none-eabi/lib/armv6-m/libg_nano.a(lib_a-memset.o)
 .ARM.attributes
                0x0000000000000000       0x2c /Users/Baram/gcc-arm-none-eabi/bin/../lib/gcc/arm-none-eabi/4.9.3/../../../../arm-none-eabi/lib/armv6-m/libg_nano.a(lib_a-memset.o)
 .text          0x0000000000000000        0x0 /Users/Baram/gcc-arm-none-eabi/bin/../lib/gcc/arm-none-eabi/4.9.3/armv6-m/crtend.o
 .data          0x0000000000000000        0x0 /Users/Baram/gcc-arm-none-eabi/bin/../lib/gcc/arm-none-eabi/4.9.3/armv6-m/crtend.o
 .bss           0x0000000000000000        0x0 /Users/Baram/gcc-arm-none-eabi/bin/../lib/gcc/arm-none-eabi/4.9.3/armv6-m/crtend.o
 .eh_frame      0x0000000000000000        0x4 /Users/Baram/gcc-arm-none-eabi/bin/../lib/gcc/arm-none-eabi/4.9.3/armv6-m/crtend.o
 .jcr           0x0000000000000000        0x4 /Users/Baram/gcc-arm-none-eabi/bin/../lib/gcc/arm-none-eabi/4.9.3/armv6-m/crtend.o
 .ARM.attributes
                0x0000000000000000       0x2c /Users/Baram/gcc-arm-none-eabi/bin/../lib/gcc/arm-none-eabi/4.9.3/armv6-m/crtend.o
 .text          0x0000000000000000        0x0 /Users/Baram/gcc-arm-none-eabi/bin/../lib/gcc/arm-none-eabi/4.9.3/armv6-m/crtn.o
 .data          0x0000000000000000        0x0 /Users/Baram/gcc-arm-none-eabi/bin/../lib/gcc/arm-none-eabi/4.9.3/armv6-m/crtn.o
 .bss           0x0000000000000000        0x0 /Users/Baram/gcc-arm-none-eabi/bin/../lib/gcc/arm-none-eabi/4.9.3/armv6-m/crtn.o
 .init          0x0000000000000000        0x8 /Users/Baram/gcc-arm-none-eabi/bin/../lib/gcc/arm-none-eabi/4.9.3/armv6-m/crtn.o
 .fini          0x0000000000000000        0x8 /Users/Baram/gcc-arm-none-eabi/bin/../lib/gcc/arm-none-eabi/4.9.3/armv6-m/crtn.o
 .ARM.attributes
                0x0000000000000000       0x1e /Users/Baram/gcc-arm-none-eabi/bin/../lib/gcc/arm-none-eabi/4.9.3/armv6-m/crtn.o
 .text          0x0000000000000000        0x0 /Users/Baram/gcc-arm-none-eabi/bin/../lib/gcc/arm-none-eabi/4.9.3/../../../../arm-none-eabi/lib/armv6-m/libnosys.a(_exit.o)
 .data          0x0000000000000000        0x0 /Users/Baram/gcc-arm-none-eabi/bin/../lib/gcc/arm-none-eabi/4.9.3/../../../../arm-none-eabi/lib/armv6-m/libnosys.a(_exit.o)
 .bss           0x0000000000000000        0x0 /Users/Baram/gcc-arm-none-eabi/bin/../lib/gcc/arm-none-eabi/4.9.3/../../../../arm-none-eabi/lib/armv6-m/libnosys.a(_exit.o)
 .text._exit    0x0000000000000000        0x4 /Users/Baram/gcc-arm-none-eabi/bin/../lib/gcc/arm-none-eabi/4.9.3/../../../../arm-none-eabi/lib/armv6-m/libnosys.a(_exit.o)
 .debug_frame   0x0000000000000000       0x20 /Users/Baram/gcc-arm-none-eabi/bin/../lib/gcc/arm-none-eabi/4.9.3/../../../../arm-none-eabi/lib/armv6-m/libnosys.a(_exit.o)
 .ARM.attributes
                0x0000000000000000       0x2c /Users/Baram/gcc-arm-none-eabi/bin/../lib/gcc/arm-none-eabi/4.9.3/../../../../arm-none-eabi/lib/armv6-m/libnosys.a(_exit.o)

Memory Configuration

Name             Origin             Length             Attributes
FLASH            0x000000000001f000 0x0000000000001000 xr
RAM              0x0000000020002000 0x0000000000002000 xrw
*default*        0x0000000000000000 0xffffffffffffffff

Linker script and memory map

LOAD /Users/Baram/gcc-arm-none-eabi/bin/../lib/gcc/arm-none-eabi/4.9.3/armv6-m/crti.o
LOAD /Users/Baram/gcc-arm-none-eabi/bin/../lib/gcc/arm-none-eabi/4.9.3/armv6-m/crtbegin.o
LOAD /Users/Baram/gcc-arm-none-eabi/bin/../lib/gcc/arm-none-eabi/4.9.3/../../../../arm-none-eabi/lib/armv6-m/crt0.o
LOAD src/main.o
LOAD /var/folders/7z/kps_xzfj7sn5l5gkyq8s9db00000gn/T//ccT5rycq.ltrans0.ltrans.o
LOAD /Users/Baram/gcc-arm-none-eabi/bin/../lib/gcc/arm-none-eabi/4.9.3/armv6-m/libgcc.a
LOAD /Users/Baram/gcc-arm-none-eabi/bin/../lib/gcc/arm-none-eabi/4.9.3/../../../../arm-none-eabi/lib/armv6-m/libg_nano.a
LOAD /Users/Baram/gcc-arm-none-eabi/bin/../lib/gcc/arm-none-eabi/4.9.3/../../../../arm-none-eabi/lib/armv6-m/libc_nano.a
LOAD /Users/Baram/gcc-arm-none-eabi/bin/../lib/gcc/arm-none-eabi/4.9.3/armv6-m/libgcc.a
LOAD /Users/Baram/gcc-arm-none-eabi/bin/../lib/gcc/arm-none-eabi/4.9.3/../../../../arm-none-eabi/lib/armv6-m/libc_nano.a
LOAD src/crc.o
LOAD gcc_startup_nrf51.o
LOAD system_nrf51.o
START GROUP
LOAD /Users/Baram/gcc-arm-none-eabi/bin/../lib/gcc/arm-none-eabi/4.9.3/armv6-m/libgcc.a
LOAD /Users/Baram/gcc-arm-none-eabi/bin/../lib/gcc/arm-none-eabi/4.9.3/../../../../arm-none-eabi/lib/armv6-m/libg_nano.a
LOAD /Users/Baram/gcc-arm-none-eabi/bin/../lib/gcc/arm-none-eabi/4.9.3/../../../../arm-none-eabi/lib/armv6-m/libc_nano.a
END GROUP
START GROUP
LOAD /Users/Baram/gcc-arm-none-eabi/bin/../lib/gcc/arm-none-eabi/4.9.3/armv6-m/libgcc.a
LOAD /Users/Baram/gcc-arm-none-eabi/bin/../lib/gcc/arm-none-eabi/4.9.3/../../../../arm-none-eabi/lib/armv6-m/libc_nano.a
END GROUP
LOAD /Users/Baram/gcc-arm-none-eabi/bin/../lib/gcc/arm-none-eabi/4.9.3/armv6-m/crtend.o
LOAD /Users/Baram/gcc-arm-none-eabi/bin/../lib/gcc/arm-none-eabi/4.9.3/armv6-m/crtn.o
START GROUP
LOAD /Users/Baram/gcc-arm-none-eabi/bin/../lib/gcc/arm-none-eabi/4.9.3/armv6-m/libgcc.a
LOAD /Users/Baram/gcc-arm-none-eabi/bin/../lib/gcc/arm-none-eabi/4.9.3/../../../../arm-none-eabi/lib/armv6-m/libc.a
LOAD /Users/Baram/gcc-arm-none-eabi/bin/../lib/gcc/arm-none-eabi/4.9.3/../../../../arm-none-eabi/lib/armv6-m/libnosys.a
END GROUP

.text           0x000000000001f000      0x7c0
 *(.Vectors)
 .Vectors       0x000000000001f000       0x40 gcc_startup_nrf51.o
                0x000000000001f000                __Vectors
 *(.text*)
 .text          0x000000000001f040      0x260 /var/folders/7z/kps_xzfj7sn5l5gkyq8s9db00000gn/T//ccT5rycq.ltrans0.ltrans.o
                0x000000000001f204                SystemInit
 .text.startup  0x000000000001f2a0      0x4d8 /var/folders/7z/kps_xzfj7sn5l5gkyq8s9db00000gn/T//ccT5rycq.ltrans0.ltrans.o
                0x000000000001f2a0                main
 .text          0x000000000001f778       0x48 gcc_startup_nrf51.o
                0x000000000001f778                Reset_Handler
                0x000000000001f7b4                NMI_Handler
                0x000000000001f7b6                HardFault_Handler
                0x000000000001f7b8                SVC_Handler
                0x000000000001f7ba                PendSV_Handler
                0x000000000001f7bc                SysTick_Handler
                0x000000000001f7be                Default_Handler
 *(.init)
 *(.fini)
 *crtbegin.o(.ctors)
 *crtbegin?.o(.ctors)
 *(EXCLUDE_FILE(*crtend.o *crtend?.o) .ctors)
 *(SORT(.ctors.*))
 *(.ctors)
 *crtbegin.o(.dtors)
 *crtbegin?.o(.dtors)
 *(EXCLUDE_FILE(*crtend.o *crtend?.o) .dtors)
 *(SORT(.dtors.*))
 *(.dtors)
 *(.rodata*)
 *(.eh_frame*)

.glue_7         0x000000000001f7c0        0x0
 .glue_7        0x0000000000000000        0x0 linker stubs

.glue_7t        0x000000000001f7c0        0x0
 .glue_7t       0x0000000000000000        0x0 linker stubs

.vfp11_veneer   0x000000000001f7c0        0x0
 .vfp11_veneer  0x0000000000000000        0x0 linker stubs

.v4_bx          0x000000000001f7c0        0x0
 .v4_bx         0x0000000000000000        0x0 linker stubs

.iplt           0x000000000001f7c0        0x0
 .iplt          0x0000000000000000        0x0 /Users/Baram/gcc-arm-none-eabi/bin/../lib/gcc/arm-none-eabi/4.9.3/armv6-m/crtbegin.o

.ARM.extab
 *(.ARM.extab* .gnu.linkonce.armextab.*)
                0x000000000001f7c0                __exidx_start = .

.ARM.exidx      0x000000000001f7c0        0x8
 *(.ARM.exidx* .gnu.linkonce.armexidx.*)
 .ARM.exidx     0x000000000001f7c0        0x8 gcc_startup_nrf51.o
                0x000000000001f7c8                __exidx_end = .
                0x000000000001f7c8                __etext = .

.rel.dyn        0x000000000001f7c8        0x0
 .rel.iplt      0x0000000000000000        0x0 /Users/Baram/gcc-arm-none-eabi/bin/../lib/gcc/arm-none-eabi/4.9.3/armv6-m/crtbegin.o

.data           0x0000000020002000       0x14 load address 0x000000000001f7c8
                0x0000000020002000                __data_start__ = .
 *(vtable)
 *(.data*)
 .data          0x0000000020002000       0x10 /var/folders/7z/kps_xzfj7sn5l5gkyq8s9db00000gn/T//ccT5rycq.ltrans0.ltrans.o
 .data.press    0x0000000020002010        0x1 /var/folders/7z/kps_xzfj7sn5l5gkyq8s9db00000gn/T//ccT5rycq.ltrans0.ltrans.o
                0x0000000020002014                . = ALIGN (0x4)
 *fill*         0x0000000020002011        0x3 
                0x0000000020002014                PROVIDE (__preinit_array_start, .)
 *(.preinit_array)
                0x0000000020002014                PROVIDE (__preinit_array_end, .)
                0x0000000020002014                . = ALIGN (0x4)
                0x0000000020002014                PROVIDE (__init_array_start, .)
 *(SORT(.init_array.*))
 *(.init_array)
                0x0000000020002014                PROVIDE (__init_array_end, .)
                0x0000000020002014                . = ALIGN (0x4)
                0x0000000020002014                PROVIDE (__fini_array_start, .)
 *(SORT(.fini_array.*))
 *(.fini_array)
                0x0000000020002014                PROVIDE (__fini_array_end, .)
 *(.jcr)
                0x0000000020002014                . = ALIGN (0x4)
                0x0000000020002014                __data_end__ = .

.igot.plt       0x0000000020002014        0x0 load address 0x000000000001f7dc
 .igot.plt      0x0000000000000000        0x0 /Users/Baram/gcc-arm-none-eabi/bin/../lib/gcc/arm-none-eabi/4.9.3/armv6-m/crtbegin.o

.bss            0x0000000020002014        0x4 load address 0x000000000001f7dc
                0x0000000020002014                . = ALIGN (0x4)
                0x0000000020002014                __bss_start__ = .
 *(.bss*)
 .bss           0x0000000020002014        0x4 /var/folders/7z/kps_xzfj7sn5l5gkyq8s9db00000gn/T//ccT5rycq.ltrans0.ltrans.o
 *(COMMON)
                0x0000000020002018                . = ALIGN (0x4)
                0x0000000020002018                __bss_end__ = .

.heap           0x0000000020002018      0x800
                0x0000000020002018                __end__ = .
                0x0000000020002018                end = __end__
 *(.heap*)
 .heap          0x0000000020002018      0x800 gcc_startup_nrf51.o
                0x0000000020002018                __HeapBase
                0x0000000020002818                __HeapLimit = .

.stack_dummy    0x0000000020002018      0x800
 *(.stack*)
 .stack         0x0000000020002018      0x800 gcc_startup_nrf51.o
                0x0000000020004000                __StackTop = (ORIGIN (RAM) + 0x2000)
                0x0000000020003800                __StackLimit = (__StackTop - SIZEOF (.stack_dummy))
                0x0000000020004000                PROVIDE (__stack, __StackTop)
                0x0000000000000001                ASSERT ((__StackLimit >= __HeapLimit), region RAM overflowed with stack)
OUTPUT(nrf_mbs.elf elf32-littlearm)

.debug_info     0x0000000000000000      0xa47
 .debug_info    0x0000000000000000      0xa47 /var/folders/7z/kps_xzfj7sn5l5gkyq8s9db00000gn/T//ccT5rycq.ltrans0.ltrans.o

.debug_abbrev   0x0000000000000000      0x31f
 .debug_abbrev  0x0000000000000000      0x31f /var/folders/7z/kps_xzfj7sn5l5gkyq8s9db00000gn/T//ccT5rycq.ltrans0.ltrans.o

.debug_loc      0x0000000000000000      0x465
 .debug_loc     0x0000000000000000      0x465 /var/folders/7z/kps_xzfj7sn5l5gkyq8s9db00000gn/T//ccT5rycq.ltrans0.ltrans.o

.debug_aranges  0x0000000000000000       0x28
 .debug_aranges
                0x0000000000000000       0x28 /var/folders/7z/kps_xzfj7sn5l5gkyq8s9db00000gn/T//ccT5rycq.ltrans0.ltrans.o

.debug_ranges   0x0000000000000000      0x358
 .debug_ranges  0x0000000000000000      0x358 /var/folders/7z/kps_xzfj7sn5l5gkyq8s9db00000gn/T//ccT5rycq.ltrans0.ltrans.o

.debug_line     0x0000000000000000      0x450
 .debug_line    0x0000000000000000      0x450 /var/folders/7z/kps_xzfj7sn5l5gkyq8s9db00000gn/T//ccT5rycq.ltrans0.ltrans.o

.debug_str      0x0000000000000000      0x4af
 .debug_str     0x0000000000000000      0x4af /var/folders/7z/kps_xzfj7sn5l5gkyq8s9db00000gn/T//ccT5rycq.ltrans0.ltrans.o
                                        0x4d9 (size before relaxing)

.comment        0x0000000000000000       0x70
 .comment       0x0000000000000000       0x70 /var/folders/7z/kps_xzfj7sn5l5gkyq8s9db00000gn/T//ccT5rycq.ltrans0.ltrans.o
                                         0x71 (size before relaxing)

.ARM.attributes
                0x0000000000000000       0x28
 .ARM.attributes
                0x0000000000000000       0x2f /var/folders/7z/kps_xzfj7sn5l5gkyq8s9db00000gn/T//ccT5rycq.ltrans0.ltrans.o
 .ARM.attributes
                0x000000000000002f       0x1b gcc_startup_nrf51.o

.debug_frame    0x0000000000000000       0xa4
 .debug_frame   0x0000000000000000       0xa4 /var/folders/7z/kps_xzfj7sn5l5gkyq8s9db00000gn/T//ccT5rycq.ltrans0.ltrans.o
